Archive member included to satisfy reference by file (symbol)

c:/program files/microchip/xc8/v2.36/avr/bin/../lib/gcc/avr/5.4.0/../../../../avr/lib/avr5/memx-const\libm.a(addsf3.o)
                              EHAL/LCD_4x20/LCD_Interface.o (__subsf3)
c:/program files/microchip/xc8/v2.36/avr/bin/../lib/gcc/avr/5.4.0/../../../../avr/lib/avr5/memx-const\libm.a(addsf3x.o)
                              c:/program files/microchip/xc8/v2.36/avr/bin/../lib/gcc/avr/5.4.0/../../../../avr/lib/avr5/memx-const\libm.a(addsf3.o) (__addsf3x)
c:/program files/microchip/xc8/v2.36/avr/bin/../lib/gcc/avr/5.4.0/../../../../avr/lib/avr5/memx-const\libm.a(cmpsf2.o)
                              EHAL/LCD_4x20/LCD_Interface.o (__ltsf2)
c:/program files/microchip/xc8/v2.36/avr/bin/../lib/gcc/avr/5.4.0/../../../../avr/lib/avr5/memx-const\libm.a(fixsfdi.o)
                              EHAL/LCD_4x20/LCD_Interface.o (__fixsfdi)
c:/program files/microchip/xc8/v2.36/avr/bin/../lib/gcc/avr/5.4.0/../../../../avr/lib/avr5/memx-const\libm.a(floatdisf.o)
                              EHAL/LCD_4x20/LCD_Interface.o (__floatdisf)
c:/program files/microchip/xc8/v2.36/avr/bin/../lib/gcc/avr/5.4.0/../../../../avr/lib/avr5/memx-const\libm.a(floatundisf.o)
                              c:/program files/microchip/xc8/v2.36/avr/bin/../lib/gcc/avr/5.4.0/../../../../avr/lib/avr5/memx-const\libm.a(floatdisf.o) (__fp_di2sf)
c:/program files/microchip/xc8/v2.36/avr/bin/../lib/gcc/avr/5.4.0/../../../../avr/lib/avr5/memx-const\libm.a(fp_cmp.o)
                              c:/program files/microchip/xc8/v2.36/avr/bin/../lib/gcc/avr/5.4.0/../../../../avr/lib/avr5/memx-const\libm.a(cmpsf2.o) (__fp_cmp)
c:/program files/microchip/xc8/v2.36/avr/bin/../lib/gcc/avr/5.4.0/../../../../avr/lib/avr5/memx-const\libm.a(fp_inf.o)
                              c:/program files/microchip/xc8/v2.36/avr/bin/../lib/gcc/avr/5.4.0/../../../../avr/lib/avr5/memx-const\libm.a(addsf3x.o) (__fp_inf)
c:/program files/microchip/xc8/v2.36/avr/bin/../lib/gcc/avr/5.4.0/../../../../avr/lib/avr5/memx-const\libm.a(fp_nan.o)
                              c:/program files/microchip/xc8/v2.36/avr/bin/../lib/gcc/avr/5.4.0/../../../../avr/lib/avr5/memx-const\libm.a(addsf3x.o) (__fp_nan)
c:/program files/microchip/xc8/v2.36/avr/bin/../lib/gcc/avr/5.4.0/../../../../avr/lib/avr5/memx-const\libm.a(fp_negdi.o)
                              c:/program files/microchip/xc8/v2.36/avr/bin/../lib/gcc/avr/5.4.0/../../../../avr/lib/avr5/memx-const\libm.a(fixsfdi.o) (__fp_negdi)
c:/program files/microchip/xc8/v2.36/avr/bin/../lib/gcc/avr/5.4.0/../../../../avr/lib/avr5/memx-const\libm.a(fp_pscA.o)
                              c:/program files/microchip/xc8/v2.36/avr/bin/../lib/gcc/avr/5.4.0/../../../../avr/lib/avr5/memx-const\libm.a(addsf3x.o) (__fp_pscA)
c:/program files/microchip/xc8/v2.36/avr/bin/../lib/gcc/avr/5.4.0/../../../../avr/lib/avr5/memx-const\libm.a(fp_pscB.o)
                              c:/program files/microchip/xc8/v2.36/avr/bin/../lib/gcc/avr/5.4.0/../../../../avr/lib/avr5/memx-const\libm.a(addsf3x.o) (__fp_pscB)
c:/program files/microchip/xc8/v2.36/avr/bin/../lib/gcc/avr/5.4.0/../../../../avr/lib/avr5/memx-const\libm.a(fp_round.o)
                              c:/program files/microchip/xc8/v2.36/avr/bin/../lib/gcc/avr/5.4.0/../../../../avr/lib/avr5/memx-const\libm.a(addsf3.o) (__fp_round)
c:/program files/microchip/xc8/v2.36/avr/bin/../lib/gcc/avr/5.4.0/../../../../avr/lib/avr5/memx-const\libm.a(fp_split3.o)
                              c:/program files/microchip/xc8/v2.36/avr/bin/../lib/gcc/avr/5.4.0/../../../../avr/lib/avr5/memx-const\libm.a(addsf3x.o) (__fp_split3)
c:/program files/microchip/xc8/v2.36/avr/bin/../lib/gcc/avr/5.4.0/../../../../avr/lib/avr5/memx-const\libm.a(fp_zero.o)
                              c:/program files/microchip/xc8/v2.36/avr/bin/../lib/gcc/avr/5.4.0/../../../../avr/lib/avr5/memx-const\libm.a(addsf3x.o) (__fp_zero)
c:/program files/microchip/xc8/v2.36/avr/bin/../lib/gcc/avr/5.4.0/../../../../avr/lib/avr5/memx-const\libm.a(mulsf3.o)
                              EHAL/LCD_4x20/LCD_Interface.o (__mulsf3)
c:/program files/microchip/xc8/v2.36/avr/bin/../lib/gcc/avr/5.4.0/../../../../avr/lib/avr5/memx-const\libm.a(mulsf3x.o)
                              c:/program files/microchip/xc8/v2.36/avr/bin/../lib/gcc/avr/5.4.0/../../../../avr/lib/avr5/memx-const\libm.a(mulsf3.o) (__mulsf3x)
c:/program files/microchip/xc8/v2.36/avr/bin/../lib/gcc/avr/5.4.0/avr5/memx-const\libgcc.a(_divmodhi4.o)
                              APPLICATION/mbabbe.o (__divmodhi4)
c:/program files/microchip/xc8/v2.36/avr/bin/../lib/gcc/avr/5.4.0/avr5/memx-const\libgcc.a(_copy_data.o)
                              APPLICATION/Ahmed_Nasr/ahmed_nasr.o (__do_copy_data)
c:/program files/microchip/xc8/v2.36/avr/bin/../lib/gcc/avr/5.4.0/avr5/memx-const\libgcc.a(_umulhisi3.o)
                              APPLICATION/mbabbe.o (__umulhisi3)
[...]
Memory Configuration

Name             Origin             Length             Attributes
text             0x0000000000000000 0x0000000000008000 xr
data             0x0000000000800060 0x0000000000000800 rw !x
eeprom           0x0000000000810000 0x0000000000000400 rw !x
fuse             0x0000000000820000 0x0000000000000002 rw !x
lock             0x0000000000830000 0x0000000000000400 rw !x
signature        0x0000000000840000 0x0000000000000400 rw !x
user_signatures  0x0000000000850000 0x0000000000000400 rw !x
*default*        0x0000000000000000 0xffffffffffffffff

Linker script and memory map

LOAD C:/Program Files (x86)/Atmel/Studio/7.0/Packs/atmel/ATmega_DFP/1.7.374/xc8/avr/lib/avr5/memx-const/crtatmega32a.o
LOAD APPLICATION/Ahmed_Nasr/ahmed_nasr.o
LOAD APPLICATION/ALL_LEDS_Functions/ALL_LEDS.o
LOAD APPLICATION/APP_Interface.o
LOAD APPLICATION/LCD_Tas.o
LOAD APPLICATION/mbabbe.o
LOAD APPLICATION/Seif.o
LOAD EHAL/BLUE LED/BLUE_LED_Interface.o
LOAD EHAL/Button/button_Interface.o
LOAD EHAL/Buzzer/Buzzer_Interface.o
LOAD EHAL/GREEN LED/GREEN_LED_Interface.o
LOAD EHAL/KEYPAD Driver/KEYPAD_Interface.o
LOAD EHAL/LCD_4x20/LCD_Interface.o
LOAD EHAL/Potentiometer/Potentiometer_Interface.o
LOAD EHAL/RED LED/RED_LED_Interface.o
LOAD EHAL/YELLOW LED/YELLOW_LED_Interface.o
LOAD main.o
LOAD MCAL/ADC/ADC_Interface.o
LOAD MCAL/DIO/DIO_Interface.o
LOAD MCAL/Interrupts/External/EXT_INT_Interface.o
LOAD MCAL/TIMERS/TIMER 0/TIMER0_Interface.o
LOAD MCAL/TIMERS/TIMER 1/TIMER_1_Interface.o
START GROUP
LOAD c:/program files/microchip/xc8/v2.36/avr/bin/../lib/gcc/avr/5.4.0/../../../../avr/lib/avr5/memx-const\libm.a
END GROUP
START GROUP
LOAD c:/program files/microchip/xc8/v2.36/avr/bin/../lib/gcc/avr/5.4.0/avr5/memx-const\libgcc.a
LOAD c:/program files/microchip/xc8/v2.36/avr/bin/../lib/gcc/avr/5.4.0/../../../../avr/lib/avr5/memx-const\libm.a
LOAD c:/program files/microchip/xc8/v2.36/avr/bin/../lib/gcc/avr/5.4.0/../../../../avr/lib/avr5/memx-const\libc.a
LOAD C:/Program Files (x86)/Atmel/Studio/7.0/Packs/atmel/ATmega_DFP/1.7.374/xc8/avr/lib/avr5/memx-const\libatmega32a.a
END GROUP
                [0x0000000000000000]                __TEXT_REGION_ORIGIN__ = DEFINED (__TEXT_REGION_ORIGIN__)?__TEXT_REGION_ORIGIN__:0x0
                [0x0000000000800060]                __DATA_REGION_ORIGIN__ = DEFINED (__DATA_REGION_ORIGIN__)?__DATA_REGION_ORIGIN__:0x800060
                [0x0000000000008000]                __TEXT_REGION_LENGTH__ = DEFINED (__TEXT_REGION_LENGTH__)?__TEXT_REGION_LENGTH__:0x20000
                [0x0000000000000800]                __DATA_REGION_LENGTH__ = DEFINED (__DATA_REGION_LENGTH__)?__DATA_REGION_LENGTH__:0xffa0
                [0x0000000000000400]                __EEPROM_REGION_LENGTH__ = DEFINED (__EEPROM_REGION_LENGTH__)?__EEPROM_REGION_LENGTH__:0x10000
                [0x0000000000000002]                __FUSE_REGION_LENGTH__ = DEFINED (__FUSE_REGION_LENGTH__)?__FUSE_REGION_LENGTH__:0x400
                0x0000000000000400                __LOCK_REGION_LENGTH__ = DEFINED (__LOCK_REGION_LENGTH__)?__LOCK_REGION_LENGTH__:0x400
                0x0000000000000400                __SIGNATURE_REGION_LENGTH__ = DEFINED (__SIGNATURE_REGION_LENGTH__)?__SIGNATURE_REGION_LENGTH__:0x400
                0x0000000000000400                __USER_SIGNATURE_REGION_LENGTH__ = DEFINED (__USER_SIGNATURE_REGION_LENGTH__)?__USER_SIGNATURE_REGION_LENGTH__:0x400

.hash
 *(.hash)

.dynsym
 *(.dynsym)

.dynstr
 *(.dynstr)

.gnu.version
 *(.gnu.version)

.gnu.version_d
 *(.gnu.version_d)

.gnu.version_r
 *(.gnu.version_r)

.rel.init
 *(.rel.init)

.rela.init
 *(.rela.init)

.rel.text
 *(.rel.text)
 *(.rel.text.*)
 *(.rel.gnu.linkonce.t*)

.rela.text
 *(.rela.text)
 *(.rela.text.*)
 *(.rela.gnu.linkonce.t*)

.rel.fini
 *(.rel.fini)

.rela.fini
 *(.rela.fini)

.rel.rodata
 *(.rel.rodata)
 *(.rel.rodata.*)
 *(.rel.gnu.linkonce.r*)

.rela.rodata
 *(.rela.rodata)
 *(.rela.rodata.*)
 *(.rela.gnu.linkonce.r*)

.rel.data
 *(.rel.data)
 *(.rel.data.*)
 *(.rel.gnu.linkonce.d*)

.rela.data
 *(.rela.data)
 *(.rela.data.*)
 *(.rela.gnu.linkonce.d*)

.rel.ctors
 *(.rel.ctors)

.rela.ctors
 *(.rela.ctors)

.rel.dtors
 *(.rel.dtors)

.rela.dtors
 *(.rela.dtors)

.rel.got
 *(.rel.got)

.rela.got
 *(.rela.got)

.rel.bss
 *(.rel.bss)

.rela.bss
 *(.rela.bss)

.rel.plt
 *(.rel.plt)

.rela.plt
 *(.rela.plt)

.text           0x0000000000000000       0xde
 *(.vectors)
 .vectors       0x0000000000000000       0x54 C:/Program Files (x86)/Atmel/Studio/7.0/Packs/atmel/ATmega_DFP/1.7.374/xc8/avr/lib/avr5/memx-const/crtatmega32a.o
                0x0000000000000000                __vector_default
                0x0000000000000000                __vectors
 *(.vectors)
 *(.progmem.gcc*)
 *(.dinit)
 .dinit         0x0000000000000054       0x35 data_init
                0x000000000000008a                . = ALIGN (0x2)
 *fill*         0x0000000000000089        0x1 
                0x000000000000008a                __trampolines_start = .
 *(.trampolines)
 .trampolines   0x000000000000008a        0x0 linker stubs
 *(.trampolines*)
                0x000000000000008a                __trampolines_end = .
 *libprintf_flt.a:*(.progmem.data)
 *libc.a:*(.progmem.data)
                0x000000000000008a                . = ALIGN (0x2)
 *(.jumptables)
 *(.jumptables*)
 *(.lowtext)
 *(.lowtext*)
                0x000000000000008a                __ctors_start = .
 *(.ctors)
                0x000000000000008a                __ctors_end = .
                0x000000000000008a                __dtors_start = .
 *(.dtors)
                0x000000000000008a                __dtors_end = .
 SORT(*)(.ctors)
 SORT(*)(.dtors)
 *(.init0)
 .init0         0x000000000000008a        0x0 C:/Program Files (x86)/Atmel/Studio/7.0/Packs/atmel/ATmega_DFP/1.7.374/xc8/avr/lib/avr5/memx-const/crtatmega32a.o
                0x000000000000008a                __init
 *(.init0)
 *(.init1)
 *(.init1)
 *(.init2)
 .init2         0x000000000000008a        0xc C:/Program Files (x86)/Atmel/Studio/7.0/Packs/atmel/ATmega_DFP/1.7.374/xc8/avr/lib/avr5/memx-const/crtatmega32a.o
 *(.init2)
 *(.init3)
 *(.init3)
 *(.init4)
 .init4         0x0000000000000096       0x3c c:/program files/microchip/xc8/v2.36/avr/bin/../lib/gcc/avr/5.4.0/avr5/memx-const\libgcc.a(_copy_data.o)
                0x0000000000000096                __do_copy_data
                0x00000000000000c4                __do_clear_bss
 *(.init4)
 *(.init5)
 *(.init5)
 *(.init6)
 *(.init6)
 *(.init7)
 *(.init7)
 *(.init8)
 *(.init8)
 *(.init9)
 .init9         0x00000000000000d2        0x8 C:/Program Files (x86)/Atmel/Studio/7.0/Packs/atmel/ATmega_DFP/1.7.374/xc8/avr/lib/avr5/memx-const/crtatmega32a.o
 *(.init9)
                0x00000000000000da                . = ALIGN (0x2)
 *(.fini9)
 .fini9         0x00000000000000da        0x0 c:/program files/microchip/xc8/v2.36/avr/bin/../lib/gcc/avr/5.4.0/avr5/memx-const\libgcc.a(_exit.o)
                0x00000000000000da                _exit
 *(.fini9)
 *(.fini8)
 *(.fini8)
 *(.fini7)
 *(.fini7)
 *(.fini6)
 *(.fini6)
 *(.fini5)
 *(.fini5)
 *(.fini4)
 *(.fini4)
 *(.fini3)
 *(.fini3)
 *(.fini2)
 *(.fini2)
 *(.fini1)
 *(.fini1)
 *(.fini0)
 .fini0         0x00000000000000da        0x4 c:/program files/microchip/xc8/v2.36/avr/bin/../lib/gcc/avr/5.4.0/avr5/memx-const\libgcc.a(_exit.o)
 *(.fini0)
                0x00000000000000de                _etext = .

.data           0x0000000000800060        0x0 load address 0x00000000000000de
                [!provide]                        PROVIDE (__data_start, .)
 *(.gnu.linkonce.d*)
 *(.gnu.linkonce.r*)
                0x0000000000800060                . = ALIGN (0x2)
 *fill*         0x0000000000800060        0x0 
                0x0000000000800060                _edata = .
                [!provide]                        PROVIDE (__data_end, .)

.bss            0x0000000000800060        0xc
                [!provide]                        PROVIDE (__bss_start, .)
 *(COMMON)
 COMMON         0x0000000000800060        0xc APPLICATION/Ahmed_Nasr/ahmed_nasr.o
                0x0000000000800060                alarm_ptr_arr
                [!provide]                        PROVIDE (__bss_end, .)
                0x00000000000000de                __data_load_start = LOADADDR (.data)
                0x00000000000000de                __data_load_end = (__data_load_start + SIZEOF (.data))

.noinit         0x000000000080006c        0x0
                [!provide]                        PROVIDE (__noinit_start, .)
 *(.noinit*)
                [!provide]                        PROVIDE (__noinit_end, .)
                0x000000000080006c                _end = .

.eeprom         0x0000000000810000        0x0
 *(.eeprom*)
                0x0000000000810000                __eeprom_end = .

.fuse
 *(.fuse)
 *(.lfuse)
 *(.hfuse)
 *(.efuse)

.lock
 *(.lock*)

.signature
 *(.signature*)

.user_signatures
 *(.user_signatures*)

.stab
 *(.stab)

.stabstr
 *(.stabstr)

.stab.excl
 *(.stab.excl)

.stab.exclstr
 *(.stab.exclstr)

.stab.index
 *(.stab.index)

.stab.indexstr
 *(.stab.indexstr)

.comment        0x0000000000000000       0x2f
 *(.comment)
 .comment       0x0000000000000000       0x2f APPLICATION/Ahmed_Nasr/ahmed_nasr.o
                                         0x30 (size before relaxing)
 .comment       0x000000000000002f       0x30 APPLICATION/ALL_LEDS_Functions/ALL_LEDS.o
 .comment       0x000000000000002f       0x30 APPLICATION/APP_Interface.o
 .comment       0x000000000000002f       0x30 APPLICATION/LCD_Tas.o
 .comment       0x000000000000002f       0x30 APPLICATION/mbabbe.o
 .comment       0x000000000000002f       0x30 APPLICATION/Seif.o
 .comment       0x000000000000002f       0x30 EHAL/BLUE LED/BLUE_LED_Interface.o
 .comment       0x000000000000002f       0x30 EHAL/Button/button_Interface.o
 .comment       0x000000000000002f       0x30 EHAL/Buzzer/Buzzer_Interface.o
 .comment       0x000000000000002f       0x30 EHAL/GREEN LED/GREEN_LED_Interface.o
 .comment       0x000000000000002f       0x30 EHAL/LCD_4x20/LCD_Interface.o
 .comment       0x000000000000002f       0x30 EHAL/Potentiometer/Potentiometer_Interface.o
 .comment       0x000000000000002f       0x30 EHAL/RED LED/RED_LED_Interface.o
 .comment       0x000000000000002f       0x30 EHAL/YELLOW LED/YELLOW_LED_Interface.o
 .comment       0x000000000000002f       0x30 main.o
 .comment       0x000000000000002f       0x30 MCAL/ADC/ADC_Interface.o
 .comment       0x000000000000002f       0x30 MCAL/DIO/DIO_Interface.o
 .comment       0x000000000000002f       0x30 MCAL/Interrupts/External/EXT_INT_Interface.o
 .comment       0x000000000000002f       0x30 MCAL/TIMERS/TIMER 0/TIMER0_Interface.o
 .comment       0x000000000000002f       0x30 MCAL/TIMERS/TIMER 1/TIMER_1_Interface.o
 .comment       0x000000000000002f       0x30 c:/program files/microchip/xc8/v2.36/avr/bin/../lib/gcc/avr/5.4.0/../../../../avr/lib/avr5/memx-const\libc.a(exit.o)
 .comment       0x000000000000002f       0x30 c:/program files/microchip/xc8/v2.36/avr/bin/../lib/gcc/avr/5.4.0/../../../../avr/lib/avr5/memx-const\libc.a(_Exit.o)

.stack.descriptors.hdr
                0x0000000000000000       0x7e
 .stack.descriptors.hdr
                0x0000000000000000        0xe c:/program files/microchip/xc8/v2.36/avr/bin/../lib/gcc/avr/5.4.0/avr5/memx-const\libgcc.a(_divmodhi4.o)
 .stack.descriptors.hdr
                0x000000000000000e        0xe c:/program files/microchip/xc8/v2.36/avr/bin/../lib/gcc/avr/5.4.0/avr5/memx-const\libgcc.a(_umulhisi3.o)
 .stack.descriptors.hdr
                0x000000000000001c        0xe c:/program files/microchip/xc8/v2.36/avr/bin/../lib/gcc/avr/5.4.0/avr5/memx-const\libgcc.a(_divdi3.o)
 .stack.descriptors.hdr
                0x000000000000002a        0xe c:/program files/microchip/xc8/v2.36/avr/bin/../lib/gcc/avr/5.4.0/avr5/memx-const\libgcc.a(_udivdi3.o)
 .stack.descriptors.hdr
                0x0000000000000038        0xe c:/program files/microchip/xc8/v2.36/avr/bin/../lib/gcc/avr/5.4.0/avr5/memx-const\libgcc.a(_udivmod64.o)
 .stack.descriptors.hdr
                0x0000000000000046        0xe c:/program files/microchip/xc8/v2.36/avr/bin/../lib/gcc/avr/5.4.0/avr5/memx-const\libgcc.a(_negdi2.o)
 .stack.descriptors.hdr
                0x0000000000000054        0xe c:/program files/microchip/xc8/v2.36/avr/bin/../lib/gcc/avr/5.4.0/avr5/memx-const\libgcc.a(_cmpdi2_s8.o)
 .stack.descriptors.hdr
                0x0000000000000062        0xe c:/program files/microchip/xc8/v2.36/avr/bin/../lib/gcc/avr/5.4.0/avr5/memx-const\libgcc.a(_udivmodhi4.o)
 .stack.descriptors.hdr
                0x0000000000000070        0xe c:/program files/microchip/xc8/v2.36/avr/bin/../lib/gcc/avr/5.4.0/avr5/memx-const\libgcc.a(_exit.o)

.note.GNU-stack
                0x0000000000000000        0x0
 .note.GNU-stack
                0x0000000000000000        0x0 c:/program files/microchip/xc8/v2.36/avr/bin/../lib/gcc/avr/5.4.0/../../../../avr/lib/avr5/memx-const\libc.a(exit.o)
 .note.GNU-stack
                0x0000000000000000        0x0 c:/program files/microchip/xc8/v2.36/avr/bin/../lib/gcc/avr/5.4.0/../../../../avr/lib/avr5/memx-const\libc.a(_Exit.o)

.note.gnu.build-id
 *(.note.gnu.build-id)

.debug
 *(.debug)

.line
 *(.line)

.debug_srcinfo
 *(.debug_srcinfo)

.debug_sfnames
 *(.debug_sfnames)

.debug_aranges  0x0000000000000000      0x450
 *(.debug_aranges)
 .debug_aranges
                0x0000000000000000       0x50 APPLICATION/Ahmed_Nasr/ahmed_nasr.o
 .debug_aranges
                0x0000000000000050       0x58 APPLICATION/ALL_LEDS_Functions/ALL_LEDS.o
 .debug_aranges
                0x00000000000000a8       0x28 APPLICATION/APP_Interface.o
 .debug_aranges
                0x00000000000000d0       0x38 APPLICATION/LCD_Tas.o
 .debug_aranges
                0x0000000000000108       0x38 APPLICATION/mbabbe.o
 .debug_aranges
                0x0000000000000140       0x30 APPLICATION/Seif.o
 .debug_aranges
                0x0000000000000170       0x38 EHAL/BLUE LED/BLUE_LED_Interface.o
 .debug_aranges
                0x00000000000001a8       0x28 EHAL/Button/button_Interface.o
 .debug_aranges
                0x00000000000001d0       0x38 EHAL/Buzzer/Buzzer_Interface.o
 .debug_aranges
                0x0000000000000208       0x38 EHAL/GREEN LED/GREEN_LED_Interface.o
 .debug_aranges
                0x0000000000000240       0x58 EHAL/LCD_4x20/LCD_Interface.o
 .debug_aranges
                0x0000000000000298       0x28 EHAL/Potentiometer/Potentiometer_Interface.o
 .debug_aranges
                0x00000000000002c0       0x38 EHAL/RED LED/RED_LED_Interface.o
 .debug_aranges
                0x00000000000002f8       0x38 EHAL/YELLOW LED/YELLOW_LED_Interface.o
 .debug_aranges
                0x0000000000000330       0x20 main.o
 .debug_aranges
                0x0000000000000350       0x30 MCAL/ADC/ADC_Interface.o
 .debug_aranges
                0x0000000000000380       0x40 MCAL/DIO/DIO_Interface.o
 .debug_aranges
                0x00000000000003c0       0x38 MCAL/Interrupts/External/EXT_INT_Interface.o
 .debug_aranges
                0x00000000000003f8       0x38 MCAL/TIMERS/TIMER 0/TIMER0_Interface.o
 .debug_aranges
                0x0000000000000430       0x20 MCAL/TIMERS/TIMER 1/TIMER_1_Interface.o

.debug_pubnames
 *(.debug_pubnames)

.debug_info     0x0000000000000000     0x8796
 *(.debug_info .gnu.linkonce.wi.*)
 .debug_info    0x0000000000000000      0x4e6 C:/Program Files (x86)/Atmel/Studio/7.0/Packs/atmel/ATmega_DFP/1.7.374/xc8/avr/lib/avr5/memx-const/crtatmega32a.o
 .debug_info    0x00000000000004e6     0x1407 APPLICATION/Ahmed_Nasr/ahmed_nasr.o
 .debug_info    0x00000000000018ed      0x63d APPLICATION/ALL_LEDS_Functions/ALL_LEDS.o
 .debug_info    0x0000000000001f2a      0x376 APPLICATION/APP_Interface.o
 .debug_info    0x00000000000022a0      0xad6 APPLICATION/LCD_Tas.o
 .debug_info    0x0000000000002d76      0x770 APPLICATION/mbabbe.o
 .debug_info    0x00000000000034e6      0x892 APPLICATION/Seif.o
 .debug_info    0x0000000000003d78      0x4de EHAL/BLUE LED/BLUE_LED_Interface.o
 .debug_info    0x0000000000004256      0x600 EHAL/Button/button_Interface.o
 .debug_info    0x0000000000004856      0x4d3 EHAL/Buzzer/Buzzer_Interface.o
 .debug_info    0x0000000000004d29      0x473 EHAL/GREEN LED/GREEN_LED_Interface.o
 .debug_info    0x000000000000519c      0xf59 EHAL/LCD_4x20/LCD_Interface.o
 .debug_info    0x00000000000060f5      0x3d7 EHAL/Potentiometer/Potentiometer_Interface.o
 .debug_info    0x00000000000064cc      0x467 EHAL/RED LED/RED_LED_Interface.o
 .debug_info    0x0000000000006933      0x479 EHAL/YELLOW LED/YELLOW_LED_Interface.o
 .debug_info    0x0000000000006dac      0x29a main.o
 .debug_info    0x0000000000007046      0x422 MCAL/ADC/ADC_Interface.o
 .debug_info    0x0000000000007468      0x5c0 MCAL/DIO/DIO_Interface.o
 .debug_info    0x0000000000007a28      0x739 MCAL/Interrupts/External/EXT_INT_Interface.o
 .debug_info    0x0000000000008161      0x34c MCAL/TIMERS/TIMER 0/TIMER0_Interface.o
 .debug_info    0x00000000000084ad      0x2e9 MCAL/TIMERS/TIMER 1/TIMER_1_Interface.o

.debug_abbrev   0x0000000000000000     0x1841
 *(.debug_abbrev)
 .debug_abbrev  0x0000000000000000      0x4a3 C:/Program Files (x86)/Atmel/Studio/7.0/Packs/atmel/ATmega_DFP/1.7.374/xc8/avr/lib/avr5/memx-const/crtatmega32a.o
 .debug_abbrev  0x00000000000004a3      0x27c APPLICATION/Ahmed_Nasr/ahmed_nasr.o
 .debug_abbrev  0x000000000000071f       0xaf APPLICATION/ALL_LEDS_Functions/ALL_LEDS.o
 .debug_abbrev  0x00000000000007ce       0x8e APPLICATION/APP_Interface.o
 .debug_abbrev  0x000000000000085c      0x1ad APPLICATION/LCD_Tas.o
 .debug_abbrev  0x0000000000000a09      0x17f APPLICATION/mbabbe.o
 .debug_abbrev  0x0000000000000b88      0x1b6 APPLICATION/Seif.o
 .debug_abbrev  0x0000000000000d3e       0x9a EHAL/BLUE LED/BLUE_LED_Interface.o
 .debug_abbrev  0x0000000000000dd8      0x188 EHAL/Button/button_Interface.o
 .debug_abbrev  0x0000000000000f60       0x9a EHAL/Buzzer/Buzzer_Interface.o
 .debug_abbrev  0x0000000000000ffa       0x7c EHAL/GREEN LED/GREEN_LED_Interface.o
 .debug_abbrev  0x0000000000001076      0x202 EHAL/LCD_4x20/LCD_Interface.o
 .debug_abbrev  0x0000000000001278       0xbd EHAL/Potentiometer/Potentiometer_Interface.o
 .debug_abbrev  0x0000000000001335       0x7c EHAL/RED LED/RED_LED_Interface.o
 .debug_abbrev  0x00000000000013b1       0x7c EHAL/YELLOW LED/YELLOW_LED_Interface.o
 .debug_abbrev  0x000000000000142d       0x5b main.o
 .debug_abbrev  0x0000000000001488       0xd9 MCAL/ADC/ADC_Interface.o
 .debug_abbrev  0x0000000000001561       0xb2 MCAL/DIO/DIO_Interface.o
 .debug_abbrev  0x0000000000001613       0xe1 MCAL/Interrupts/External/EXT_INT_Interface.o
 .debug_abbrev  0x00000000000016f4       0xc6 MCAL/TIMERS/TIMER 0/TIMER0_Interface.o
 .debug_abbrev  0x00000000000017ba       0x87 MCAL/TIMERS/TIMER 1/TIMER_1_Interface.o

.debug_line     0x0000000000000000     0x2abb
 *(.debug_line .debug_line.* .debug_line_end)
 .debug_line    0x0000000000000000      0x119 C:/Program Files (x86)/Atmel/Studio/7.0/Packs/atmel/ATmega_DFP/1.7.374/xc8/avr/lib/avr5/memx-const/crtatmega32a.o
 .debug_line    0x0000000000000119      0x80a APPLICATION/Ahmed_Nasr/ahmed_nasr.o
 .debug_line    0x0000000000000923      0x2d2 APPLICATION/ALL_LEDS_Functions/ALL_LEDS.o
 .debug_line    0x0000000000000bf5      0x16a APPLICATION/APP_Interface.o
 .debug_line    0x0000000000000d5f      0x39f APPLICATION/LCD_Tas.o
 .debug_line    0x00000000000010fe      0x2c0 APPLICATION/mbabbe.o
 .debug_line    0x00000000000013be      0x2fe APPLICATION/Seif.o
 .debug_line    0x00000000000016bc       0xf1 EHAL/BLUE LED/BLUE_LED_Interface.o
 .debug_line    0x00000000000017ad      0x186 EHAL/Button/button_Interface.o
 .debug_line    0x0000000000001933       0xed EHAL/Buzzer/Buzzer_Interface.o
 .debug_line    0x0000000000001a20       0xb8 EHAL/GREEN LED/GREEN_LED_Interface.o
 .debug_line    0x0000000000001ad8      0x4de EHAL/LCD_4x20/LCD_Interface.o
 .debug_line    0x0000000000001fb6       0xdd EHAL/Potentiometer/Potentiometer_Interface.o
 .debug_line    0x0000000000002093       0xb6 EHAL/RED LED/RED_LED_Interface.o
 .debug_line    0x0000000000002149       0xba EHAL/YELLOW LED/YELLOW_LED_Interface.o
 .debug_line    0x0000000000002203       0x67 main.o
 .debug_line    0x000000000000226a      0x15c MCAL/ADC/ADC_Interface.o
 .debug_line    0x00000000000023c6      0x342 MCAL/DIO/DIO_Interface.o
 .debug_line    0x0000000000002708      0x1ae MCAL/Interrupts/External/EXT_INT_Interface.o
 .debug_line    0x00000000000028b6      0x135 MCAL/TIMERS/TIMER 0/TIMER0_Interface.o
 .debug_line    0x00000000000029eb       0xd0 MCAL/TIMERS/TIMER 1/TIMER_1_Interface.o

.debug_frame    0x0000000000000000      0x9c0
 *(.debug_frame)
 .debug_frame   0x0000000000000000      0x164 APPLICATION/Ahmed_Nasr/ahmed_nasr.o
 .debug_frame   0x0000000000000164      0x124 APPLICATION/ALL_LEDS_Functions/ALL_LEDS.o
 .debug_frame   0x0000000000000288       0x34 APPLICATION/APP_Interface.o
 .debug_frame   0x00000000000002bc       0x84 APPLICATION/LCD_Tas.o
 .debug_frame   0x0000000000000340       0xa4 APPLICATION/mbabbe.o
 .debug_frame   0x00000000000003e4       0x74 APPLICATION/Seif.o
 .debug_frame   0x0000000000000458       0x54 EHAL/BLUE LED/BLUE_LED_Interface.o
 .debug_frame   0x00000000000004ac       0x58 EHAL/Button/button_Interface.o
 .debug_frame   0x0000000000000504       0x54 EHAL/Buzzer/Buzzer_Interface.o
 .debug_frame   0x0000000000000558       0x54 EHAL/GREEN LED/GREEN_LED_Interface.o
 .debug_frame   0x00000000000005ac      0x17c EHAL/LCD_4x20/LCD_Interface.o
 .debug_frame   0x0000000000000728       0x34 EHAL/Potentiometer/Potentiometer_Interface.o
 .debug_frame   0x000000000000075c       0x54 EHAL/RED LED/RED_LED_Interface.o
 .debug_frame   0x00000000000007b0       0x54 EHAL/YELLOW LED/YELLOW_LED_Interface.o
 .debug_frame   0x0000000000000804       0x24 main.o
 .debug_frame   0x0000000000000828       0x44 MCAL/ADC/ADC_Interface.o
 .debug_frame   0x000000000000086c       0x64 MCAL/DIO/DIO_Interface.o
 .debug_frame   0x00000000000008d0       0x78 MCAL/Interrupts/External/EXT_INT_Interface.o
 .debug_frame   0x0000000000000948       0x54 MCAL/TIMERS/TIMER 0/TIMER0_Interface.o
 .debug_frame   0x000000000000099c       0x24 MCAL/TIMERS/TIMER 1/TIMER_1_Interface.o

.debug_str      0x0000000000000000      0x854
 *(.debug_str)
 .debug_str     0x0000000000000000      0x196 C:/Program Files (x86)/Atmel/Studio/7.0/Packs/atmel/ATmega_DFP/1.7.374/xc8/avr/lib/avr5/memx-const/crtatmega32a.o
 .debug_str     0x0000000000000196      0x111 APPLICATION/Ahmed_Nasr/ahmed_nasr.o
 .debug_str     0x00000000000002a7      0x123 APPLICATION/ALL_LEDS_Functions/ALL_LEDS.o
 .debug_str     0x00000000000003ca       0x70 APPLICATION/APP_Interface.o
 .debug_str     0x000000000000043a       0xa7 APPLICATION/LCD_Tas.o
 .debug_str     0x00000000000004e1       0x80 APPLICATION/mbabbe.o
 .debug_str     0x0000000000000561       0x80 APPLICATION/Seif.o
 .debug_str     0x00000000000005e1       0x43 EHAL/BLUE LED/BLUE_LED_Interface.o
 .debug_str     0x0000000000000624       0x32 EHAL/Button/button_Interface.o
 .debug_str     0x0000000000000656       0x43 EHAL/Buzzer/Buzzer_Interface.o
 .debug_str     0x0000000000000699       0x37 EHAL/GREEN LED/GREEN_LED_Interface.o
 .debug_str     0x00000000000006d0       0x58 EHAL/LCD_4x20/LCD_Interface.o
 .debug_str     0x0000000000000728       0x24 EHAL/Potentiometer/Potentiometer_Interface.o
 .debug_str     0x000000000000074c       0x37 EHAL/RED LED/RED_LED_Interface.o
 .debug_str     0x0000000000000783       0x37 EHAL/YELLOW LED/YELLOW_LED_Interface.o
 .debug_str     0x00000000000007ba       0x12 main.o
 .debug_str     0x00000000000007cc       0x16 MCAL/ADC/ADC_Interface.o
 .debug_str     0x00000000000007e2        0xc MCAL/DIO/DIO_Interface.o
 .debug_str     0x00000000000007ee       0x3a MCAL/Interrupts/External/EXT_INT_Interface.o
 .debug_str     0x0000000000000828       0x16 MCAL/TIMERS/TIMER 0/TIMER0_Interface.o
 .debug_str     0x000000000000083e       0x16 MCAL/TIMERS/TIMER 1/TIMER_1_Interface.o

.debug_loc      0x0000000000000000     0x267e
 *(.debug_loc)
 .debug_loc     0x0000000000000000      0x76c APPLICATION/Ahmed_Nasr/ahmed_nasr.o
 .debug_loc     0x000000000000076c      0x196 APPLICATION/ALL_LEDS_Functions/ALL_LEDS.o
 .debug_loc     0x0000000000000902      0x183 APPLICATION/LCD_Tas.o
 .debug_loc     0x0000000000000a85      0x250 APPLICATION/mbabbe.o
 .debug_loc     0x0000000000000cd5      0x2a1 APPLICATION/Seif.o
 .debug_loc     0x0000000000000f76      0x19c EHAL/Button/button_Interface.o
 .debug_loc     0x0000000000001112      0xd06 EHAL/LCD_4x20/LCD_Interface.o
 .debug_loc     0x0000000000001e18       0x74 EHAL/Potentiometer/Potentiometer_Interface.o
 .debug_loc     0x0000000000001e8c       0x61 MCAL/ADC/ADC_Interface.o
 .debug_loc     0x0000000000001eed      0x460 MCAL/DIO/DIO_Interface.o
 .debug_loc     0x000000000000234d      0x313 MCAL/Interrupts/External/EXT_INT_Interface.o
 .debug_loc     0x0000000000002660       0x1e MCAL/TIMERS/TIMER 0/TIMER0_Interface.o

.debug_macinfo
 *(.debug_macinfo)

.debug_weaknames
 *(.debug_weaknames)

.debug_funcnames
 *(.debug_funcnames)

.debug_typenames
 *(.debug_typenames)

.debug_varnames
 *(.debug_varnames)

.debug_pubtypes
 *(.debug_pubtypes)

.debug_ranges   0x0000000000000000      0x370
 *(.debug_ranges)
 .debug_ranges  0x0000000000000000       0x58 APPLICATION/Ahmed_Nasr/ahmed_nasr.o
 .debug_ranges  0x0000000000000058       0x48 APPLICATION/ALL_LEDS_Functions/ALL_LEDS.o
 .debug_ranges  0x00000000000000a0       0x18 APPLICATION/APP_Interface.o
 .debug_ranges  0x00000000000000b8       0x28 APPLICATION/LCD_Tas.o
 .debug_ranges  0x00000000000000e0       0x40 APPLICATION/mbabbe.o
 .debug_ranges  0x0000000000000120       0x50 APPLICATION/Seif.o
 .debug_ranges  0x0000000000000170       0x28 EHAL/BLUE LED/BLUE_LED_Interface.o
 .debug_ranges  0x0000000000000198       0x18 EHAL/Button/button_Interface.o
 .debug_ranges  0x00000000000001b0       0x28 EHAL/Buzzer/Buzzer_Interface.o
 .debug_ranges  0x00000000000001d8       0x28 EHAL/GREEN LED/GREEN_LED_Interface.o
 .debug_ranges  0x0000000000000200       0x48 EHAL/LCD_4x20/LCD_Interface.o
 .debug_ranges  0x0000000000000248       0x18 EHAL/Potentiometer/Potentiometer_Interface.o
 .debug_ranges  0x0000000000000260       0x28 EHAL/RED LED/RED_LED_Interface.o
 .debug_ranges  0x0000000000000288       0x28 EHAL/YELLOW LED/YELLOW_LED_Interface.o
 .debug_ranges  0x00000000000002b0       0x10 main.o
 .debug_ranges  0x00000000000002c0       0x20 MCAL/ADC/ADC_Interface.o
 .debug_ranges  0x00000000000002e0       0x30 MCAL/DIO/DIO_Interface.o
 .debug_ranges  0x0000000000000310       0x28 MCAL/Interrupts/External/EXT_INT_Interface.o
 .debug_ranges  0x0000000000000338       0x28 MCAL/TIMERS/TIMER 0/TIMER0_Interface.o
 .debug_ranges  0x0000000000000360       0x10 MCAL/TIMERS/TIMER 1/TIMER_1_Interface.o

.debug_macro
 *(.debug_macro)
OUTPUT(Kylian_Tech_Alarm.elf elf32-avr)
LOAD linker stubs
LOAD data_init

.note.gnu.avr.deviceinfo
                0x0000000000000000       0x3c
 .note.gnu.avr.deviceinfo
                0x0000000000000000       0x3c C:/Program Files (x86)/Atmel/Studio/7.0/Packs/atmel/ATmega_DFP/1.7.374/xc8/avr/lib/avr5/memx-const/crtatmega32a.o

.bss.usr_def_alarms
                0x0000000000800071        0x1
 .bss.usr_def_alarms
                0x0000000000800071        0x1 APPLICATION/Ahmed_Nasr/ahmed_nasr.o
                0x0000000000800071                usr_def_alarms

.bss.five_sec_timeout
                0x0000000000800072        0x1
 .bss.five_sec_timeout
                0x0000000000800072        0x1 APPLICATION/Ahmed_Nasr/ahmed_nasr.o
                0x0000000000800072                five_sec_timeout

.bss.OVF_COUNTER
                0x0000000000800074        0x1
 .bss.OVF_COUNTER
                0x0000000000800074        0x1 APPLICATION/ALL_LEDS_Functions/ALL_LEDS.o
                0x0000000000800074                OVF_COUNTER

.bss.DECELERATE
                0x0000000000800075        0x1
 .bss.DECELERATE
                0x0000000000800075        0x1 APPLICATION/ALL_LEDS_Functions/ALL_LEDS.o
                0x0000000000800075                DECELERATE

.bss.Alarm_3_Fire_Flag
                0x0000000000800077        0x1
 .bss.Alarm_3_Fire_Flag
                0x0000000000800077        0x1 APPLICATION/LCD_Tas.o
                0x0000000000800077                Alarm_3_Fire_Flag

.bss.Alarm_2_Fire_Flag
                0x0000000000800078        0x1
 .bss.Alarm_2_Fire_Flag
                0x0000000000800078        0x1 APPLICATION/LCD_Tas.o
                0x0000000000800078                Alarm_2_Fire_Flag

.bss.Alarm_1_Fire_Flag
                0x0000000000800079        0x1
 .bss.Alarm_1_Fire_Flag
                0x0000000000800079        0x1 APPLICATION/LCD_Tas.o
                0x0000000000800079                Alarm_1_Fire_Flag

.bss.Current_Time
                0x000000000080006e        0x2
 .bss.Current_Time
                0x000000000080006e        0x2 APPLICATION/mbabbe.o
                0x000000000080006e                Current_Time

.progmemx.data  0x00000000000000de       0xa1
 .progmemx.data
                0x00000000000000de       0xa1 APPLICATION/LCD_Tas.o

.progmemx.data  0x000000000000017f       0x79
 .progmemx.data
                0x000000000000017f       0x79 APPLICATION/Ahmed_Nasr/ahmed_nasr.o

.progmemx.data  0x00000000000001f8       0x2c
 .progmemx.data
                0x00000000000001f8       0x2c APPLICATION/Seif.o

.progmemx.data  0x0000000000000224        0xc
 .progmemx.data
                0x0000000000000224        0xc APPLICATION/mbabbe.o

.text.modifyAlarm
                0x0000000000000230      0x3a8
 .text.modifyAlarm
                0x0000000000000230      0x3a8 APPLICATION/Ahmed_Nasr/ahmed_nasr.o
                0x0000000000000230                modifyAlarm

.text.alarm_scheduler
                0x00000000000005d8      0x2c8
 .text.alarm_scheduler
                0x00000000000005d8      0x2c8 APPLICATION/Ahmed_Nasr/ahmed_nasr.o
                0x00000000000005d8                alarm_scheduler

.text.LCD_Write_Number
                0x00000000000008a0      0x1d0
 .text.LCD_Write_Number
                0x00000000000008a0      0x1d0 EHAL/LCD_4x20/LCD_Interface.o
                0x00000000000008a0                LCD_Write_Number

.text.modify_set_alarm
                0x0000000000000a70      0x1aa
 .text.modify_set_alarm
                0x0000000000000a70      0x1aa APPLICATION/Ahmed_Nasr/ahmed_nasr.o
                0x0000000000000a70                modify_set_alarm

.text.DIO_SetPin_Direction
                0x0000000000000c1a       0xfe
 .text.DIO_SetPin_Direction
                0x0000000000000c1a       0xfe MCAL/DIO/DIO_Interface.o
                0x0000000000000c1a                DIO_SetPin_Direction

.text.DIO_SetPin_Value
                0x0000000000000d18       0xfe
 .text.DIO_SetPin_Value
                0x0000000000000d18       0xfe MCAL/DIO/DIO_Interface.o
                0x0000000000000d18                DIO_SetPin_Value

.text.erase     0x0000000000000e16       0xf4
 .text.erase    0x0000000000000e16       0xf4 APPLICATION/Seif.o
                0x0000000000000e16                erase

.text.LCD_Write_Command
                0x0000000000000f0a       0xd4
 .text.LCD_Write_Command
                0x0000000000000f0a       0xd4 EHAL/LCD_4x20/LCD_Interface.o
                0x0000000000000f0a                LCD_Write_Command

.text.LCD_Write_Character
                0x0000000000000fde       0xd4
 .text.LCD_Write_Character
                0x0000000000000fde       0xd4 EHAL/LCD_4x20/LCD_Interface.o
                0x0000000000000fde                LCD_Write_Character

.text.__vector_11
                0x00000000000010b2       0xcc
 .text.__vector_11
                0x00000000000010b2       0xcc APPLICATION/ALL_LEDS_Functions/ALL_LEDS.o
                0x00000000000010b2                __vector_11

.text.LCD_Second_Page
                0x000000000000117e       0xc4
 .text.LCD_Second_Page
                0x000000000000117e       0xc4 APPLICATION/LCD_Tas.o
                0x000000000000117e                LCD_Second_Page

.text.printAlarm
                0x0000000000001242       0xbc
 .text.printAlarm
                0x0000000000001242       0xbc APPLICATION/Ahmed_Nasr/ahmed_nasr.o
                0x0000000000001242                printAlarm

.text.Alarm_Action
                0x00000000000012fe       0xbc
 .text.Alarm_Action
                0x00000000000012fe       0xbc APPLICATION/mbabbe.o
                0x00000000000012fe                Alarm_Action

.text.LCD_Runable_Page
                0x00000000000013ba       0xae
 .text.LCD_Runable_Page
                0x00000000000013ba       0xae APPLICATION/LCD_Tas.o
                0x00000000000013ba                LCD_Runable_Page

.text.customSort
                0x0000000000001468       0xaa
 .text.customSort
                0x0000000000001468       0xaa APPLICATION/mbabbe.o
                0x0000000000001468                customSort

.text.Show_Alarms
                0x0000000000001512       0xaa
 .text.Show_Alarms
                0x0000000000001512       0xaa APPLICATION/Seif.o
                0x0000000000001512                Show_Alarms

.text.__vector_7
                0x00000000000015bc       0xa8
 .text.__vector_7
                0x00000000000015bc       0xa8 APPLICATION/LCD_Tas.o
                0x00000000000015bc                __vector_7

.text.libgcc.div
                0x0000000000001664       0xa2
 .text.libgcc.div
                0x0000000000001664       0xa2 c:/program files/microchip/xc8/v2.36/avr/bin/../lib/gcc/avr/5.4.0/avr5/memx-const\libgcc.a(_udivmod64.o)
                0x0000000000001664                __udivmod64

.text.Nearest_Time_Display
                0x0000000000001706       0x96
 .text.Nearest_Time_Display
                0x0000000000001706       0x96 APPLICATION/mbabbe.o
                0x0000000000001706                Nearest_Time_Display

.text.Check_Button_Update
                0x000000000000179c       0x8a
 .text.Check_Button_Update
                0x000000000000179c       0x8a APPLICATION/Ahmed_Nasr/ahmed_nasr.o
                0x000000000000179c                Check_Button_Update

.text.Remove_Alarm
                0x0000000000001826       0x8a
 .text.Remove_Alarm
                0x0000000000001826       0x8a APPLICATION/Seif.o
                0x0000000000001826                Remove_Alarm

.text.BTN_pressed
                0x00000000000018b0       0x7c
 .text.BTN_pressed
                0x00000000000018b0       0x7c EHAL/Button/button_Interface.o
                0x00000000000018b0                BTN_pressed

.text.LCD_Initialize
                0x000000000000192c       0x7c
 .text.LCD_Initialize
                0x000000000000192c       0x7c EHAL/LCD_4x20/LCD_Interface.o
                0x000000000000192c                LCD_Initialize

.text.DIO_TglPin_Value
                0x00000000000019a8       0x74
 .text.DIO_TglPin_Value
                0x00000000000019a8       0x74 MCAL/DIO/DIO_Interface.o
                0x00000000000019a8                DIO_TglPin_Value

.text.DIO_GetPin_Value
                0x0000000000001a1c       0x74
 .text.DIO_GetPin_Value
                0x0000000000001a1c       0x74 MCAL/DIO/DIO_Interface.o
                0x0000000000001a1c                DIO_GetPin_Value

.text.Display_Action_Buttons
                0x0000000000001a90       0x66
 .text.Display_Action_Buttons
                0x0000000000001a90       0x66 APPLICATION/Ahmed_Nasr/ahmed_nasr.o
                0x0000000000001a90                Display_Action_Buttons

.text.libgcc.div
                0x0000000000001af6       0x62
 .text.libgcc.div
                0x0000000000001af6       0x62 c:/program files/microchip/xc8/v2.36/avr/bin/../lib/gcc/avr/5.4.0/avr5/memx-const\libgcc.a(_divdi3.o)
                0x0000000000001af6                __moddi3
                0x0000000000001afa                __divdi3
                0x0000000000001afc                __divdi3_moddi3

.text.LCD_First_Page
                0x0000000000001b58       0x5c
 .text.LCD_First_Page
                0x0000000000001b58       0x5c APPLICATION/LCD_Tas.o
                0x0000000000001b58                LCD_First_Page

.text.__vector_10
                0x0000000000001bb4       0x48
 .text.__vector_10
                0x0000000000001bb4       0x48 APPLICATION/ALL_LEDS_Functions/ALL_LEDS.o
                0x0000000000001bb4                __vector_10

.text.LCD_LINE_position
                0x0000000000001bfc       0x48
 .text.LCD_LINE_position
                0x0000000000001bfc       0x48 EHAL/LCD_4x20/LCD_Interface.o
                0x0000000000001bfc                LCD_LINE_position

.text.swap      0x0000000000001c44       0x42
 .text.swap     0x0000000000001c44       0x42 APPLICATION/mbabbe.o
                0x0000000000001c44                swap

.text.libgcc.prologue
                0x0000000000001c86       0x38
 .text.libgcc.prologue
                0x0000000000001c86       0x38 c:/program files/microchip/xc8/v2.36/avr/bin/../lib/gcc/avr/5.4.0/avr5/memx-const\libgcc.a(_prologue.o)
                0x0000000000001c86                __prologue_saves__

.text.libgcc.prologue
                0x0000000000001cbe       0x36
 .text.libgcc.prologue
                0x0000000000001cbe       0x36 c:/program files/microchip/xc8/v2.36/avr/bin/../lib/gcc/avr/5.4.0/avr5/memx-const\libgcc.a(_epilogue.o)
                0x0000000000001cbe                __epilogue_restores__

.text.ADC_Read  0x0000000000001cf4       0x30
 .text.ADC_Read
                0x0000000000001cf4       0x30 MCAL/ADC/ADC_Interface.o
                0x0000000000001cf4                ADC_Read

.text.LCD_Write_String
                0x0000000000001d24       0x2e
 .text.LCD_Write_String
                0x0000000000001d24       0x2e EHAL/LCD_4x20/LCD_Interface.o
                0x0000000000001d24                LCD_Write_String

.text.alarm_scheduler_init
                0x0000000000001d52       0x2c
 .text.alarm_scheduler_init
                0x0000000000001d52       0x2c APPLICATION/Ahmed_Nasr/ahmed_nasr.o
                0x0000000000001d52                alarm_scheduler_init

.text.Set_Global_Initialize
                0x0000000000001d7e       0x2c
 .text.Set_Global_Initialize
                0x0000000000001d7e       0x2c MCAL/Interrupts/External/EXT_INT_Interface.o
                0x0000000000001d7e                Set_Global_Initialize

.text.ADC_Initialize
                0x0000000000001daa       0x28
 .text.ADC_Initialize
                0x0000000000001daa       0x28 MCAL/ADC/ADC_Interface.o
                0x0000000000001daa                ADC_Initialize

.text.libgcc.div
                0x0000000000001dd2       0x28
 .text.libgcc.div
                0x0000000000001dd2       0x28 c:/program files/microchip/xc8/v2.36/avr/bin/../lib/gcc/avr/5.4.0/avr5/memx-const\libgcc.a(_divmodhi4.o)
                0x0000000000001dd2                _div
                0x0000000000001dd2                __divmodhi4

.text.libgcc.div
                0x0000000000001dfa       0x28
 .text.libgcc.div
                0x0000000000001dfa       0x28 c:/program files/microchip/xc8/v2.36/avr/bin/../lib/gcc/avr/5.4.0/avr5/memx-const\libgcc.a(_udivmodhi4.o)
                0x0000000000001dfa                __udivmodhi4

.text.Timer1_Initialize
                0x0000000000001e22       0x22
 .text.Timer1_Initialize
                0x0000000000001e22       0x22 MCAL/TIMERS/TIMER 1/TIMER_1_Interface.o
                0x0000000000001e22                Timer1_Initialize

.text.SET_DUTY_CYCLE
                0x0000000000001e44       0x20
 .text.SET_DUTY_CYCLE
                0x0000000000001e44       0x20 MCAL/TIMERS/TIMER 0/TIMER0_Interface.o
                0x0000000000001e44                SET_DUTY_CYCLE

.text.libgcc    0x0000000000001e64       0x20
 .text.libgcc   0x0000000000001e64       0x20 c:/program files/microchip/xc8/v2.36/avr/bin/../lib/gcc/avr/5.4.0/avr5/memx-const\libgcc.a(_negdi2.o)
                0x0000000000001e64                __negdi2

.text.ALL_LEDS_Initialize
                0x0000000000001e84       0x1e
 .text.ALL_LEDS_Initialize
                0x0000000000001e84       0x1e APPLICATION/ALL_LEDS_Functions/ALL_LEDS.o
                0x0000000000001e84                ALL_LEDS_Initialize

.text.libgcc.mul
                0x0000000000001ea2       0x1e
 .text.libgcc.mul
                0x0000000000001ea2       0x1e c:/program files/microchip/xc8/v2.36/avr/bin/../lib/gcc/avr/5.4.0/avr5/memx-const\libgcc.a(_umulhisi3.o)
                0x0000000000001ea2                __umulhisi3

.text.libgcc.div
                0x0000000000001ec0       0x1c
 .text.libgcc.div
                0x0000000000001ec0       0x1c c:/program files/microchip/xc8/v2.36/avr/bin/../lib/gcc/avr/5.4.0/avr5/memx-const\libgcc.a(_udivdi3.o)
                0x0000000000001ec0                __umoddi3
                0x0000000000001ec4                __udivdi3
                0x0000000000001ec6                __udivdi3_umoddi3

.text.app_init  0x0000000000001edc       0x18
 .text.app_init
                0x0000000000001edc       0x18 APPLICATION/APP_Interface.o
                0x0000000000001edc                app_init

.text.Timer0_Initialize
                0x0000000000001ef4       0x18
 .text.Timer0_Initialize
                0x0000000000001ef4       0x18 MCAL/TIMERS/TIMER 0/TIMER0_Interface.o
                0x0000000000001ef4                Timer0_Initialize

.text.libgcc    0x0000000000001f0c       0x18
 .text.libgcc   0x0000000000001f0c       0x18 c:/program files/microchip/xc8/v2.36/avr/bin/../lib/gcc/avr/5.4.0/avr5/memx-const\libgcc.a(_cmpdi2_s8.o)
                0x0000000000001f0c                __cmpdi2_s8

.text.ALL_LEDS_ON
                0x0000000000001f24       0x16
 .text.ALL_LEDS_ON
                0x0000000000001f24       0x16 APPLICATION/ALL_LEDS_Functions/ALL_LEDS.o
                0x0000000000001f24                ALL_LEDS_ON

.text.ALL_LEDS_OFF
                0x0000000000001f3a       0x16
 .text.ALL_LEDS_OFF
                0x0000000000001f3a       0x16 APPLICATION/ALL_LEDS_Functions/ALL_LEDS.o
                0x0000000000001f3a                ALL_LEDS_OFF

.text.exit      0x0000000000001f50       0x16
 .text.exit     0x0000000000001f50       0x16 c:/program files/microchip/xc8/v2.36/avr/bin/../lib/gcc/avr/5.4.0/../../../../avr/lib/avr5/memx-const\libc.a(exit.o)
                0x0000000000001f50                exit

.text.LDR_Read  0x0000000000001f66       0x14
 .text.LDR_Read
                0x0000000000001f66       0x14 EHAL/Potentiometer/Potentiometer_Interface.o
                0x0000000000001f66                LDR_Read

.text.Timer0_STOP
                0x0000000000001f7a       0x14
 .text.Timer0_STOP
                0x0000000000001f7a       0x14 MCAL/TIMERS/TIMER 0/TIMER0_Interface.o
                0x0000000000001f7a                Timer0_STOP

.text.Timer0_ON
                0x0000000000001f8e       0x14
 .text.Timer0_ON
                0x0000000000001f8e       0x14 MCAL/TIMERS/TIMER 0/TIMER0_Interface.o
                0x0000000000001f8e                Timer0_ON

.text.ALL_LEDS_TGL
                0x0000000000001fa2       0x12
 .text.ALL_LEDS_TGL
                0x0000000000001fa2       0x12 APPLICATION/ALL_LEDS_Functions/ALL_LEDS.o
                0x0000000000001fa2                ALL_LEDS_TGL

.text.LDR_init  0x0000000000001fb4       0x10
 .text.LDR_init
                0x0000000000001fb4       0x10 EHAL/Potentiometer/Potentiometer_Interface.o
                0x0000000000001fb4                LDR_init

.text.BLUE_LED_Initializ
                0x0000000000001fc4        0xe
 .text.BLUE_LED_Initializ
                0x0000000000001fc4        0xe EHAL/BLUE LED/BLUE_LED_Interface.o
                0x0000000000001fc4                BLUE_LED_Initializ

.text.BLUE_LED_ON
                0x0000000000001fd2        0xe
 .text.BLUE_LED_ON
                0x0000000000001fd2        0xe EHAL/BLUE LED/BLUE_LED_Interface.o
                0x0000000000001fd2                BLUE_LED_ON

.text.BLUE_LED_OFF
                0x0000000000001fe0        0xe
 .text.BLUE_LED_OFF
                0x0000000000001fe0        0xe EHAL/BLUE LED/BLUE_LED_Interface.o
                0x0000000000001fe0                BLUE_LED_OFF

.text.BUZZER_Initialize
                0x0000000000001fee        0xe
 .text.BUZZER_Initialize
                0x0000000000001fee        0xe EHAL/Buzzer/Buzzer_Interface.o
                0x0000000000001fee                BUZZER_Initialize

.text.BUZZER_ON
                0x0000000000001ffc        0xe
 .text.BUZZER_ON
                0x0000000000001ffc        0xe EHAL/Buzzer/Buzzer_Interface.o
                0x0000000000001ffc                BUZZER_ON

.text.BUZZER_OFF
                0x000000000000200a        0xe
 .text.BUZZER_OFF
                0x000000000000200a        0xe EHAL/Buzzer/Buzzer_Interface.o
                0x000000000000200a                BUZZER_OFF

.text.BLUE_LED_TGL
                0x0000000000002018        0xc
 .text.BLUE_LED_TGL
                0x0000000000002018        0xc EHAL/BLUE LED/BLUE_LED_Interface.o
                0x0000000000002018                BLUE_LED_TGL

.text.GREEN_LED_Initializ
                0x0000000000002024        0xc
 .text.GREEN_LED_Initializ
                0x0000000000002024        0xc EHAL/GREEN LED/GREEN_LED_Interface.o
                0x0000000000002024                GREEN_LED_Initializ

.text.GREEN_LED_ON
                0x0000000000002030        0xc
 .text.GREEN_LED_ON
                0x0000000000002030        0xc EHAL/GREEN LED/GREEN_LED_Interface.o
                0x0000000000002030                GREEN_LED_ON

.text.GREEN_LED_OFF
                0x000000000000203c        0xc
 .text.GREEN_LED_OFF
                0x000000000000203c        0xc EHAL/GREEN LED/GREEN_LED_Interface.o
                0x000000000000203c                GREEN_LED_OFF

.text.RED_LED_Initializ
                0x0000000000002048        0xc
 .text.RED_LED_Initializ
                0x0000000000002048        0xc EHAL/RED LED/RED_LED_Interface.o
                0x0000000000002048                RED_LED_Initializ

.text.RED_LED_ON
                0x0000000000002054        0xc
 .text.RED_LED_ON
                0x0000000000002054        0xc EHAL/RED LED/RED_LED_Interface.o
                0x0000000000002054                RED_LED_ON

.text.RED_LED_OFF
                0x0000000000002060        0xc
 .text.RED_LED_OFF
                0x0000000000002060        0xc EHAL/RED LED/RED_LED_Interface.o
                0x0000000000002060                RED_LED_OFF

.text.YELLOW_LED_Initializ
                0x000000000000206c        0xc
 .text.YELLOW_LED_Initializ
                0x000000000000206c        0xc EHAL/YELLOW LED/YELLOW_LED_Interface.o
                0x000000000000206c                YELLOW_LED_Initializ

.text.YELLOW_LED_ON
                0x0000000000002078        0xc
 .text.YELLOW_LED_ON
                0x0000000000002078        0xc EHAL/YELLOW LED/YELLOW_LED_Interface.o
                0x0000000000002078                YELLOW_LED_ON

.text.YELLOW_LED_OFF
                0x0000000000002084        0xc
 .text.YELLOW_LED_OFF
                0x0000000000002084        0xc EHAL/YELLOW LED/YELLOW_LED_Interface.o
                0x0000000000002084                YELLOW_LED_OFF

.text.BTN_Initialization
                0x0000000000002090        0xa
 .text.BTN_Initialization
                0x0000000000002090        0xa EHAL/Button/button_Interface.o
                0x0000000000002090                BTN_Initialization

.text.GREEN_LED_TGL
                0x000000000000209a        0xa
 .text.GREEN_LED_TGL
                0x000000000000209a        0xa EHAL/GREEN LED/GREEN_LED_Interface.o
                0x000000000000209a                GREEN_LED_TGL

.text.LCD_Clear
                0x00000000000020a4        0xa
 .text.LCD_Clear
                0x00000000000020a4        0xa EHAL/LCD_4x20/LCD_Interface.o
                0x00000000000020a4                LCD_Clear

.text.RED_LED_TGL
                0x00000000000020ae        0xa
 .text.RED_LED_TGL
                0x00000000000020ae        0xa EHAL/RED LED/RED_LED_Interface.o
                0x00000000000020ae                RED_LED_TGL

.text.YELLOW_LED_TGL
                0x00000000000020b8        0xa
 .text.YELLOW_LED_TGL
                0x00000000000020b8        0xa EHAL/YELLOW LED/YELLOW_LED_Interface.o
                0x00000000000020b8                YELLOW_LED_TGL

.text.main      0x00000000000020c2        0xa
 .text.main     0x00000000000020c2        0xa main.o
                0x00000000000020c2                main

.text.app_main  0x00000000000020cc        0x8
 .text.app_main
                0x00000000000020cc        0x8 APPLICATION/APP_Interface.o
                0x00000000000020cc                app_main

.text.ALL_LEDS_dimming
                0x00000000000020d4        0x6
 .text.ALL_LEDS_dimming
                0x00000000000020d4        0x6 APPLICATION/ALL_LEDS_Functions/ALL_LEDS.o
                0x00000000000020d4                ALL_LEDS_dimming

.text           0x00000000000020da        0x4
 .text          0x00000000000020da        0x4 C:/Program Files (x86)/Atmel/Studio/7.0/Packs/atmel/ATmega_DFP/1.7.374/xc8/avr/lib/avr5/memx-const/crtatmega32a.o
                0x00000000000020da                __vector_1
                0x00000000000020da                __vector_12
                0x00000000000020da                __bad_interrupt
                0x00000000000020da                __vector_6
                0x00000000000020da                __vector_3
                0x00000000000020da                __vector_13
                0x00000000000020da                __vector_17
                0x00000000000020da                __vector_19
                0x00000000000020da                __vector_5
                0x00000000000020da                __vector_4
                0x00000000000020da                __vector_9
                0x00000000000020da                __vector_2
                0x00000000000020da                __vector_15
                0x00000000000020da                __vector_8
                0x00000000000020da                __vector_14
                0x00000000000020da                __vector_16
                0x00000000000020da                __vector_18
                0x00000000000020da                __vector_20

.text._Exit     0x00000000000020de        0x4
 .text._Exit    0x00000000000020de        0x4 c:/program files/microchip/xc8/v2.36/avr/bin/../lib/gcc/avr/5.4.0/../../../../avr/lib/avr5/memx-const\libc.a(_Exit.o)
                0x00000000000020de                _Exit

.text.__dummy_fini
                0x00000000000020e2        0x2
 .text.__dummy_fini
                0x00000000000020e2        0x2 c:/program files/microchip/xc8/v2.36/avr/bin/../lib/gcc/avr/5.4.0/../../../../avr/lib/avr5/memx-const\libc.a(exit.o)
                0x00000000000020e2                _fini

.text.__dummy_funcs_on_exit
                0x00000000000020e4        0x2
 .text.__dummy_funcs_on_exit
                0x00000000000020e4        0x2 c:/program files/microchip/xc8/v2.36/avr/bin/../lib/gcc/avr/5.4.0/../../../../avr/lib/avr5/memx-const\libc.a(exit.o)
                0x00000000000020e4                __funcs_on_exit

.text.__dummy_simulator_exit
                0x00000000000020e6        0x2
 .text.__dummy_simulator_exit
                0x00000000000020e6        0x2 c:/program files/microchip/xc8/v2.36/avr/bin/../lib/gcc/avr/5.4.0/../../../../avr/lib/avr5/memx-const\libc.a(exit.o)
                0x00000000000020e6                __simulator_exit

.data.TEN_Secs_Counter
                0x000000000080006c        0x2 load address 0x00000000000020e8
 .data.TEN_Secs_Counter
                0x000000000080006c        0x2 APPLICATION/mbabbe.o
                0x000000000080006c                TEN_Secs_Counter

.data.cursor_loc.2149
                0x0000000000800070        0x1 load address 0x00000000000020ea
 .data.cursor_loc.2149
                0x0000000000800070        0x1 APPLICATION/Ahmed_Nasr/ahmed_nasr.o

.data.DUTY_CYCLE
                0x0000000000800073        0x1 load address 0x00000000000020eb
 .data.DUTY_CYCLE
                0x0000000000800073        0x1 APPLICATION/ALL_LEDS_Functions/ALL_LEDS.o
                0x0000000000800073                DUTY_CYCLE

.data.ACCELERATE
                0x0000000000800076        0x1 load address 0x00000000000020ec
 .data.ACCELERATE
                0x0000000000800076        0x1 APPLICATION/ALL_LEDS_Functions/ALL_LEDS.o
                0x0000000000800076                ACCELERATE
